src/app/about/page.tsx(33,21): error TS2339: Property 'headline' does not exist on type '{} | { __typename: "About"; id: string; title: string; headline?: string | null | undefined; originImage?: string | null | undefined; originStory?: string | null | undefined; _sys: { __typename?: "SystemInfo" | undefined; ... 6 more ...; extension: string; }; pillars?: ({ ...; } | null)[] | ... 1 more ... | undefine...'.
  Property 'headline' does not exist on type '{}'.
src/app/about/page.tsx(45,23): error TS2339: Property 'originImage' does not exist on type '{} | { __typename: "About"; id: string; title: string; headline?: string | null | undefined; originImage?: string | null | undefined; originStory?: string | null | undefined; _sys: { __typename?: "SystemInfo" | undefined; ... 6 more ...; extension: string; }; pillars?: ({ ...; } | null)[] | ... 1 more ... | undefine...'.
  Property 'originImage' does not exist on type '{}'.
src/app/about/page.tsx(47,31): error TS2339: Property 'originImage' does not exist on type '{} | { __typename: "About"; id: string; title: string; headline?: string | null | undefined; originImage?: string | null | undefined; originStory?: string | null | undefined; _sys: { __typename?: "SystemInfo" | undefined; ... 6 more ...; extension: string; }; pillars?: ({ ...; } | null)[] | ... 1 more ... | undefine...'.
  Property 'originImage' does not exist on type '{}'.
src/app/about/page.tsx(57,23): error TS2339: Property 'originStory' does not exist on type '{} | { __typename: "About"; id: string; title: string; headline?: string | null | undefined; originImage?: string | null | undefined; originStory?: string | null | undefined; _sys: { __typename?: "SystemInfo" | undefined; ... 6 more ...; extension: string; }; pillars?: ({ ...; } | null)[] | ... 1 more ... | undefine...'.
  Property 'originStory' does not exist on type '{}'.
src/app/about/page.tsx(71,19): error TS2339: Property 'pillars' does not exist on type '{} | { __typename: "About"; id: string; title: string; headline?: string | null | undefined; originImage?: string | null | undefined; originStory?: string | null | undefined; _sys: { __typename?: "SystemInfo" | undefined; ... 6 more ...; extension: string; }; pillars?: ({ ...; } | null)[] | ... 1 more ... | undefine...'.
  Property 'pillars' does not exist on type '{}'.
src/app/collection/page.tsx(32,21): error TS2339: Property 'headline' does not exist on type '{} | { __typename: "CollectionPage"; id: string; title: string; headline?: string | null | undefined; subheadline?: string | null | undefined; _sys: { __typename?: "SystemInfo" | undefined; ... 6 more ...; extension: string; }; scents?: ({ ...; } | null)[] | ... 1 more ... | undefined; }'.
  Property 'headline' does not exist on type '{}'.
src/app/collection/page.tsx(34,43): error TS2339: Property 'subheadline' does not exist on type '{} | { __typename: "CollectionPage"; id: string; title: string; headline?: string | null | undefined; subheadline?: string | null | undefined; _sys: { __typename?: "SystemInfo" | undefined; ... 6 more ...; extension: string; }; scents?: ({ ...; } | null)[] | ... 1 more ... | undefined; }'.
  Property 'subheadline' does not exist on type '{}'.
src/app/collection/page.tsx(43,19): error TS2339: Property 'scents' does not exist on type '{} | { __typename: "CollectionPage"; id: string; title: string; headline?: string | null | undefined; subheadline?: string | null | undefined; _sys: { __typename?: "SystemInfo" | undefined; ... 6 more ...; extension: string; }; scents?: ({ ...; } | null)[] | ... 1 more ... | undefined; }'.
  Property 'scents' does not exist on type '{}'.
src/app/contact/page.tsx(33,44): error TS2339: Property 'headline' does not exist on type '{} | { __typename: "Contact"; id: string; title: string; headline?: string | null | undefined; subheadline?: string | null | undefined; email?: string | null | undefined; instagram?: string | null | undefined; phone?: string | ... 1 more ... | undefined; _sys: { ...; }; }'.
  Property 'headline' does not exist on type '{}'.
src/app/contact/page.tsx(34,45): error TS2339: Property 'subheadline' does not exist on type '{} | { __typename: "Contact"; id: string; title: string; headline?: string | null | undefined; subheadline?: string | null | undefined; email?: string | null | undefined; instagram?: string | null | undefined; phone?: string | ... 1 more ... | undefined; _sys: { ...; }; }'.
  Property 'subheadline' does not exist on type '{}'.
src/app/contact/page.tsx(39,43): error TS2339: Property 'email' does not exist on type '{} | { __typename: "Contact"; id: string; title: string; headline?: string | null | undefined; subheadline?: string | null | undefined; email?: string | null | undefined; instagram?: string | null | undefined; phone?: string | ... 1 more ... | undefined; _sys: { ...; }; }'.
  Property 'email' does not exist on type '{}'.
src/app/contact/page.tsx(39,132): error TS2339: Property 'email' does not exist on type '{} | { __typename: "Contact"; id: string; title: string; headline?: string | null | undefined; subheadline?: string | null | undefined; email?: string | null | undefined; instagram?: string | null | undefined; phone?: string | ... 1 more ... | undefined; _sys: { ...; }; }'.
  Property 'email' does not exist on type '{}'.
src/app/contact/page.tsx(43,40): error TS2339: Property 'phone' does not exist on type '{} | { __typename: "Contact"; id: string; title: string; headline?: string | null | undefined; subheadline?: string | null | undefined; email?: string | null | undefined; instagram?: string | null | undefined; phone?: string | ... 1 more ... | undefined; _sys: { ...; }; }'.
  Property 'phone' does not exist on type '{}'.
src/app/contact/page.tsx(43,129): error TS2339: Property 'phone' does not exist on type '{} | { __typename: "Contact"; id: string; title: string; headline?: string | null | undefined; subheadline?: string | null | undefined; email?: string | null | undefined; instagram?: string | null | undefined; phone?: string | ... 1 more ... | undefined; _sys: { ...; }; }'.
  Property 'phone' does not exist on type '{}'.
src/app/contact/page.tsx(47,48): error TS2339: Property 'instagram' does not exist on type '{} | { __typename: "Contact"; id: string; title: string; headline?: string | null | undefined; subheadline?: string | null | undefined; email?: string | null | undefined; instagram?: string | null | undefined; phone?: string | ... 1 more ... | undefined; _sys: { ...; }; }'.
  Property 'instagram' does not exist on type '{}'.
src/app/page.tsx(126,21): error TS2322: Type 'string | null | undefined' is not assignable to type 'string | undefined'.
  Type 'null' is not assignable to type 'string | undefined'.
